[dotenv@17.2.3] injecting env (12) from .env -- tip: ΓÜÖ∩╕Å  load multiple .env files with { path: ['.env.local', '.env'] }
--- Starting Slot Conflict Test ---
Setting up requests for Wed Feb 25 2026...
Logging in...

Accepting Job A...
Γ£à Result: Service request accepted successfully

Accepting Job B (Conflict)...
Γ£à PASS: Blocked with message: You already have another job scheduled for this date and time slot.

Accepting Job C (Different Slot)...
Γ£à Result: Service request accepted successfully

--- TEST SUCCESSFUL ---
